exports[`test env 1`] = `
"
# EsySandboxVariables 
export PATH=\"/usr/local/bin:/usr/bin:/bin:/usr/sbin:/sbin\"
export SHELL=\"env -i /bin/bash --norc --noprofile\"
export esy__platform=\"platform\"
export esy__architecture=\"architecture\"
export esy__target_platform=\"platform\"
export esy__target_architecture=\"architecture\"
# [BuiltIns]
export esy__sandbox=\"$ESY__SANDBOX\"
export esy__store=\"$ESY__STORE\"
export esy__install_tree=\"$esy__sandbox/_install\"
export esy__build_tree=\"$esy__sandbox/_build\"
export cur__name=\"TestBuildsInSource\"
export cur__version=\"1.0.0\"
export cur__source_root=\"$esy__sandbox\"
export cur__root=\"$esy__sandbox/_build\"
export cur__depends=\"\"
export cur__target_dir=\"$esy__sandbox/_build\"
export cur__install=\"$esy__sandbox/_install\"
export cur__bin=\"$cur__install/bin\"
export cur__sbin=\"$cur__install/sbin\"
export cur__lib=\"$cur__install/lib\"
export cur__man=\"$cur__install/man\"
export cur__doc=\"$cur__install/doc\"
export cur__stublibs=\"$cur__install/stublibs\"
export cur__toplevel=\"$cur__install/toplevel\"
export cur__share=\"$cur__install/share\"
export cur__etc=\"$cur__install/etc\"
# [Custom Variables]
export OCAMLFIND_CONF=\"$cur__target_dir/_esy_findlib.conf\"

# TestBuildsInSource@1.0.0 $esy__sandbox/package.json
# [BuiltIns]
export testbuildsinsource__name=\"TestBuildsInSource\"
export testbuildsinsource__version=\"1.0.0\"
export testbuildsinsource__source_root=\"$esy__sandbox\"
export testbuildsinsource__root=\"$esy__sandbox/_build\"
export testbuildsinsource__depends=\"\"
export testbuildsinsource__target_dir=\"$esy__sandbox/_build\"
export testbuildsinsource__install=\"$esy__sandbox/_install\"
export testbuildsinsource__bin=\"$testbuildsinsource__install/bin\"
export testbuildsinsource__sbin=\"$testbuildsinsource__install/sbin\"
export testbuildsinsource__lib=\"$testbuildsinsource__install/lib\"
export testbuildsinsource__man=\"$testbuildsinsource__install/man\"
export testbuildsinsource__doc=\"$testbuildsinsource__install/doc\"
export testbuildsinsource__stublibs=\"$testbuildsinsource__install/stublibs\"
export testbuildsinsource__toplevel=\"$testbuildsinsource__install/toplevel\"
export testbuildsinsource__share=\"$testbuildsinsource__install/share\"
export testbuildsinsource__etc=\"$testbuildsinsource__install/etc\"
"
`;
