// Jest Snapshot v1, https://goo.gl/fbAQLP

exports[`Build with dep out of source build macos: build-env --json dep snapshot 1`] = `
"{
  \\"cur__version\\": \\"1.0.0\\",
  \\"cur__toplevel\\":
    \\"%esyPrefixPath%/3_________________________________________________________/s/dep-cb7685c8/toplevel\\",
  \\"cur__target_dir\\":
    \\"%esyPrefixPath%/3_________________________________________________________/b/dep-cb7685c8\\",
  \\"cur__stublibs\\":
    \\"%esyPrefixPath%/3_________________________________________________________/s/dep-cb7685c8/stublibs\\",
  \\"cur__share\\":
    \\"%esyPrefixPath%/3_________________________________________________________/s/dep-cb7685c8/share\\",
  \\"cur__sbin\\":
    \\"%esyPrefixPath%/3_________________________________________________________/s/dep-cb7685c8/sbin\\",
  \\"cur__root\\":
    \\"%esyPrefixPath%/esyi/source/i/dep--67b360d9a56facfd6fc9b90817f589ec\\",
  \\"cur__original_root\\":
    \\"%esyPrefixPath%/esyi/source/i/dep--67b360d9a56facfd6fc9b90817f589ec\\",
  \\"cur__name\\": \\"dep\\",
  \\"cur__man\\":
    \\"%esyPrefixPath%/3_________________________________________________________/s/dep-cb7685c8/man\\",
  \\"cur__lib\\":
    \\"%esyPrefixPath%/3_________________________________________________________/s/dep-cb7685c8/lib\\",
  \\"cur__install\\":
    \\"%esyPrefixPath%/3_________________________________________________________/s/dep-cb7685c8\\",
  \\"cur__etc\\":
    \\"%esyPrefixPath%/3_________________________________________________________/s/dep-cb7685c8/etc\\",
  \\"cur__doc\\":
    \\"%esyPrefixPath%/3_________________________________________________________/s/dep-cb7685c8/doc\\",
  \\"cur__dev\\": \\"false\\",
  \\"cur__bin\\":
    \\"%esyPrefixPath%/3_________________________________________________________/s/dep-cb7685c8/bin\\",
  \\"SHELL\\": \\"env -i /bin/bash --norc --noprofile\\",
  \\"PATH\\": \\":/usr/local/bin:/usr/bin:/bin:/usr/sbin:/sbin\\",
  \\"OCAMLFIND_LDCONF\\": \\"ignore\\",
  \\"OCAMLFIND_DESTDIR\\":
    \\"%esyPrefixPath%/3_________________________________________________________/s/dep-cb7685c8/lib\\",
  \\"DUNE_BUILD_DIR\\":
    \\"%esyPrefixPath%/3_________________________________________________________/b/dep-cb7685c8\\"
}"
`;

exports[`Build with dep out of source build macos: build-env --json snapshot 1`] = `
"{
  \\"cur__version\\": \\"1.0.0\\",
  \\"cur__toplevel\\":
    \\"%projectPath%/_esy/default/store/i/withdep-102cf969/toplevel\\",
  \\"cur__target_dir\\":
    \\"%projectPath%/_esy/default/store/b/withdep-102cf969\\",
  \\"cur__stublibs\\":
    \\"%projectPath%/_esy/default/store/i/withdep-102cf969/stublibs\\",
  \\"cur__share\\":
    \\"%projectPath%/_esy/default/store/i/withdep-102cf969/share\\",
  \\"cur__sbin\\":
    \\"%projectPath%/_esy/default/store/i/withdep-102cf969/sbin\\",
  \\"cur__root\\": \\"%projectPath%\\",
  \\"cur__original_root\\": \\"%projectPath%\\",
  \\"cur__name\\": \\"withDep\\",
  \\"cur__man\\":
    \\"%projectPath%/_esy/default/store/i/withdep-102cf969/man\\",
  \\"cur__lib\\":
    \\"%projectPath%/_esy/default/store/i/withdep-102cf969/lib\\",
  \\"cur__install\\":
    \\"%projectPath%/_esy/default/store/i/withdep-102cf969\\",
  \\"cur__etc\\":
    \\"%projectPath%/_esy/default/store/i/withdep-102cf969/etc\\",
  \\"cur__doc\\":
    \\"%projectPath%/_esy/default/store/i/withdep-102cf969/doc\\",
  \\"cur__dev\\": \\"true\\",
  \\"cur__bin\\":
    \\"%projectPath%/_esy/default/store/i/withdep-102cf969/bin\\",
  \\"SHELL\\": \\"env -i /bin/bash --norc --noprofile\\",
  \\"PATH\\":
    \\"%esyPrefixPath%/3_________________________________________________________/i/dep-cb7685c8/bin::/usr/local/bin:/usr/bin:/bin:/usr/sbin:/sbin\\",
  \\"OCAMLPATH\\":
    \\"%esyPrefixPath%/3_________________________________________________________/i/dep-cb7685c8/lib:\\",
  \\"OCAMLFIND_LDCONF\\": \\"ignore\\",
  \\"OCAMLFIND_DESTDIR\\":
    \\"%projectPath%/_esy/default/store/i/withdep-102cf969/lib\\",
  \\"MAN_PATH\\":
    \\"%esyPrefixPath%/3_________________________________________________________/i/dep-cb7685c8/man:\\",
  \\"DUNE_BUILD_DIR\\":
    \\"%projectPath%/_esy/default/store/b/withdep-102cf969\\",
  \\"CAML_LD_LIBRARY_PATH\\":
    \\"%esyPrefixPath%/3_________________________________________________________/i/dep-cb7685c8/stublibs:%esyPrefixPath%/3_________________________________________________________/i/dep-cb7685c8/lib/stublibs:\\"
}"
`;

exports[`Build with dep out of source build macos: build-env dep snapshot 1`] = `
"# Build environment for dep@path:dep

#
# dep@1.0.0
#
export OCAMLFIND_LDCONF=\\"ignore\\"
export OCAMLFIND_DESTDIR=\\"%esyPrefixPath%/3_________________________________________________________/s/dep-cb7685c8/lib\\"
export cur__etc=\\"%esyPrefixPath%/3_________________________________________________________/s/dep-cb7685c8/etc\\"
export cur__share=\\"%esyPrefixPath%/3_________________________________________________________/s/dep-cb7685c8/share\\"
export cur__toplevel=\\"%esyPrefixPath%/3_________________________________________________________/s/dep-cb7685c8/toplevel\\"
export cur__stublibs=\\"%esyPrefixPath%/3_________________________________________________________/s/dep-cb7685c8/stublibs\\"
export cur__doc=\\"%esyPrefixPath%/3_________________________________________________________/s/dep-cb7685c8/doc\\"
export cur__man=\\"%esyPrefixPath%/3_________________________________________________________/s/dep-cb7685c8/man\\"
export cur__lib=\\"%esyPrefixPath%/3_________________________________________________________/s/dep-cb7685c8/lib\\"
export cur__sbin=\\"%esyPrefixPath%/3_________________________________________________________/s/dep-cb7685c8/sbin\\"
export cur__bin=\\"%esyPrefixPath%/3_________________________________________________________/s/dep-cb7685c8/bin\\"
export cur__install=\\"%esyPrefixPath%/3_________________________________________________________/s/dep-cb7685c8\\"
export cur__target_dir=\\"%esyPrefixPath%/3_________________________________________________________/b/dep-cb7685c8\\"
export cur__original_root=\\"%esyPrefixPath%/esyi/source/i/dep--67b360d9a56facfd6fc9b90817f589ec\\"
export cur__root=\\"%esyPrefixPath%/esyi/source/i/dep--67b360d9a56facfd6fc9b90817f589ec\\"
export cur__dev=\\"false\\"
export cur__version=\\"1.0.0\\"
export cur__name=\\"dep\\"
export DUNE_BUILD_DIR=\\"%esyPrefixPath%/3_________________________________________________________/b/dep-cb7685c8\\"

#
# Built-in
#
export SHELL=\\"env -i /bin/bash --norc --noprofile\\"
export PATH=\\"$PATH:/usr/local/bin:/usr/bin:/bin:/usr/sbin:/sbin\\""
`;

exports[`Build with dep out of source build macos: build-env snapshot 1`] = `
"# Build environment for withDep@link:./package.json

#
# dep@1.0.0
#
export CAML_LD_LIBRARY_PATH=\\"%esyPrefixPath%/3_________________________________________________________/i/dep-cb7685c8/stublibs:%esyPrefixPath%/3_________________________________________________________/i/dep-cb7685c8/lib/stublibs:$CAML_LD_LIBRARY_PATH\\"
export OCAMLPATH=\\"%esyPrefixPath%/3_________________________________________________________/i/dep-cb7685c8/lib:$OCAMLPATH\\"
export MAN_PATH=\\"%esyPrefixPath%/3_________________________________________________________/i/dep-cb7685c8/man:$MAN_PATH\\"
export PATH=\\"%esyPrefixPath%/3_________________________________________________________/i/dep-cb7685c8/bin:$PATH\\"

#
# withDep@1.0.0
#
export OCAMLFIND_LDCONF=\\"ignore\\"
export OCAMLFIND_DESTDIR=\\"%projectPath%/_esy/default/store/i/withdep-102cf969/lib\\"
export cur__etc=\\"%projectPath%/_esy/default/store/i/withdep-102cf969/etc\\"
export cur__share=\\"%projectPath%/_esy/default/store/i/withdep-102cf969/share\\"
export cur__toplevel=\\"%projectPath%/_esy/default/store/i/withdep-102cf969/toplevel\\"
export cur__stublibs=\\"%projectPath%/_esy/default/store/i/withdep-102cf969/stublibs\\"
export cur__doc=\\"%projectPath%/_esy/default/store/i/withdep-102cf969/doc\\"
export cur__man=\\"%projectPath%/_esy/default/store/i/withdep-102cf969/man\\"
export cur__lib=\\"%projectPath%/_esy/default/store/i/withdep-102cf969/lib\\"
export cur__sbin=\\"%projectPath%/_esy/default/store/i/withdep-102cf969/sbin\\"
export cur__bin=\\"%projectPath%/_esy/default/store/i/withdep-102cf969/bin\\"
export cur__install=\\"%projectPath%/_esy/default/store/i/withdep-102cf969\\"
export cur__target_dir=\\"%projectPath%/_esy/default/store/b/withdep-102cf969\\"
export cur__original_root=\\"%projectPath%\\"
export cur__root=\\"%projectPath%\\"
export cur__dev=\\"true\\"
export cur__version=\\"1.0.0\\"
export cur__name=\\"withDep\\"
export DUNE_BUILD_DIR=\\"%projectPath%/_esy/default/store/b/withdep-102cf969\\"

#
# Built-in
#
export SHELL=\\"env -i /bin/bash --norc --noprofile\\"
export PATH=\\"$PATH:/usr/local/bin:/usr/bin:/bin:/usr/sbin:/sbin\\""
`;
