// Jest Snapshot v1, https://goo.gl/fbAQLP

exports[`Build with a linked dep out of source build macos: build-env dep snapshot 1`] = `
"# Build environment for dep@link:dep

#
# dep@1.0.0
#
export OCAMLFIND_LDCONF=\\"ignore\\"
export OCAMLFIND_DESTDIR=\\"%projectPath%/_esy/default/store/i/dep-342de796/lib\\"
export cur__etc=\\"%projectPath%/_esy/default/store/i/dep-342de796/etc\\"
export cur__share=\\"%projectPath%/_esy/default/store/i/dep-342de796/share\\"
export cur__toplevel=\\"%projectPath%/_esy/default/store/i/dep-342de796/toplevel\\"
export cur__stublibs=\\"%projectPath%/_esy/default/store/i/dep-342de796/stublibs\\"
export cur__doc=\\"%projectPath%/_esy/default/store/i/dep-342de796/doc\\"
export cur__man=\\"%projectPath%/_esy/default/store/i/dep-342de796/man\\"
export cur__lib=\\"%projectPath%/_esy/default/store/i/dep-342de796/lib\\"
export cur__sbin=\\"%projectPath%/_esy/default/store/i/dep-342de796/sbin\\"
export cur__bin=\\"%projectPath%/_esy/default/store/i/dep-342de796/bin\\"
export cur__install=\\"%projectPath%/_esy/default/store/i/dep-342de796\\"
export cur__target_dir=\\"%projectPath%/_esy/default/store/b/dep-342de796\\"
export cur__original_root=\\"%projectPath%/dep\\"
export cur__root=\\"%projectPath%/dep\\"
export cur__dev=\\"true\\"
export cur__version=\\"1.0.0\\"
export cur__name=\\"dep\\"
export DUNE_BUILD_DIR=\\"%projectPath%/_esy/default/store/b/dep-342de796\\"

#
# Built-in
#
export SHELL=\\"env -i /bin/bash --norc --noprofile\\"
export PATH=\\"$PATH:/usr/local/bin:/usr/bin:/bin:/usr/sbin:/sbin\\""
`;

exports[`Build with a linked dep out of source build macos: build-env snapshot 1`] = `
"# Build environment for with-linked-dep-_build@link:./package.json

#
# dep@1.0.0
#
export CAML_LD_LIBRARY_PATH=\\"%projectPath%/_esy/default/store/i/dep-342de796/stublibs:%projectPath%/_esy/default/store/i/dep-342de796/lib/stublibs:$CAML_LD_LIBRARY_PATH\\"
export OCAMLPATH=\\"%projectPath%/_esy/default/store/i/dep-342de796/lib:$OCAMLPATH\\"
export MAN_PATH=\\"%projectPath%/_esy/default/store/i/dep-342de796/man:$MAN_PATH\\"
export PATH=\\"%projectPath%/_esy/default/store/i/dep-342de796/bin:$PATH\\"

#
# with-linked-dep-_build@1.0.0
#
export OCAMLFIND_LDCONF=\\"ignore\\"
export OCAMLFIND_DESTDIR=\\"%projectPath%/_esy/default/store/i/with_linked_dep___build-825869e7/lib\\"
export cur__etc=\\"%projectPath%/_esy/default/store/i/with_linked_dep___build-825869e7/etc\\"
export cur__share=\\"%projectPath%/_esy/default/store/i/with_linked_dep___build-825869e7/share\\"
export cur__toplevel=\\"%projectPath%/_esy/default/store/i/with_linked_dep___build-825869e7/toplevel\\"
export cur__stublibs=\\"%projectPath%/_esy/default/store/i/with_linked_dep___build-825869e7/stublibs\\"
export cur__doc=\\"%projectPath%/_esy/default/store/i/with_linked_dep___build-825869e7/doc\\"
export cur__man=\\"%projectPath%/_esy/default/store/i/with_linked_dep___build-825869e7/man\\"
export cur__lib=\\"%projectPath%/_esy/default/store/i/with_linked_dep___build-825869e7/lib\\"
export cur__sbin=\\"%projectPath%/_esy/default/store/i/with_linked_dep___build-825869e7/sbin\\"
export cur__bin=\\"%projectPath%/_esy/default/store/i/with_linked_dep___build-825869e7/bin\\"
export cur__install=\\"%projectPath%/_esy/default/store/i/with_linked_dep___build-825869e7\\"
export cur__target_dir=\\"%projectPath%/_esy/default/store/b/with_linked_dep___build-825869e7\\"
export cur__original_root=\\"%projectPath%\\"
export cur__root=\\"%projectPath%\\"
export cur__dev=\\"true\\"
export cur__version=\\"1.0.0\\"
export cur__name=\\"with-linked-dep-_build\\"
export DUNE_BUILD_DIR=\\"%projectPath%/_esy/default/store/b/with_linked_dep___build-825869e7\\"

#
# Built-in
#
export SHELL=\\"env -i /bin/bash --norc --noprofile\\"
export PATH=\\"$PATH:/usr/local/bin:/usr/bin:/bin:/usr/sbin:/sbin\\""
`;
